[0.207s] DEBUG:colcon:Command line arguments: ['/usr/bin/colcon', 'build', '--symlink-install']
[0.208s] DEBUG:colcon:Parsed command line arguments: Namespace(log_base=None, log_level=None, verb_name='build', build_base='build', install_base='install', merge_install=False, symlink_install=True, test_result_base=None, continue_on_error=False, executor='parallel', parallel_workers=12, event_handlers=None, ignore_user_meta=False, metas=['./colcon.meta'], base_paths=['.'], packages_ignore=None, packages_ignore_regex=None, paths=None, packages_up_to=None, packages_up_to_regex=None, packages_above=None, packages_above_and_dependencies=None, packages_above_depth=None, packages_select_by_dep=None, packages_skip_by_dep=None, packages_skip_up_to=None, packages_select_build_failed=False, packages_skip_build_finished=False, packages_select_test_failures=False, packages_skip_test_passed=False, packages_select=None, packages_skip=None, packages_select_regex=None, packages_skip_regex=None, packages_start=None, packages_end=None, allow_overriding=[], cmake_args=None, cmake_target=None, cmake_target_skip_unavailable=False, cmake_clean_cache=False, cmake_clean_first=False, cmake_force_configure=False, ament_cmake_args=None, catkin_cmake_args=None, catkin_skip_building_tests=False, verb_parser=<colcon_defaults.argument_parser.defaults.DefaultArgumentsDecorator object at 0x792482a67590>, verb_extension=<colcon_core.verb.build.BuildVerb object at 0x792482b77d70>, main=<bound method BuildVerb.main of <colcon_core.verb.build.BuildVerb object at 0x792482b77d70>>)
[0.298s] Level 1:colcon.colcon_core.package_discovery:discover_packages(colcon_meta) check parameters
[0.299s] Level 1:colcon.colcon_core.package_discovery:discover_packages(recursive) check parameters
[0.299s] Level 1:colcon.colcon_core.package_discovery:discover_packages(ignore) check parameters
[0.299s] Level 1:colcon.colcon_core.package_discovery:discover_packages(path) check parameters
[0.299s] Level 1:colcon.colcon_core.package_discovery:discover_packages(colcon_meta) discover
[0.300s] Level 1:colcon.colcon_core.package_discovery:discover_packages(recursive) discover
[0.300s] INFO:colcon.colcon_core.package_discovery:Crawling recursively for packages in '/mnt/c/Users/denis/Vector/ros_ws/src/tethered_robot_analysis'
[0.302s] Level 1:colcon.colcon_core.package_identification:_identify(.) by extensions ['ignore', 'ignore_ament_install']
[0.302s] Level 1:colcon.colcon_core.package_identification:_identify(.) by extension 'ignore'
[0.302s] Level 1:colcon.colcon_core.package_identification:_identify(.) by extension 'ignore_ament_install'
[0.303s] Level 1:colcon.colcon_core.package_identification:_identify(.) by extensions ['colcon_pkg']
[0.303s] Level 1:colcon.colcon_core.package_identification:_identify(.) by extension 'colcon_pkg'
[0.304s] Level 1:colcon.colcon_core.package_identification:_identify(.) by extensions ['colcon_meta']
[0.304s] Level 1:colcon.colcon_core.package_identification:_identify(.) by extension 'colcon_meta'
[0.304s] Level 1:colcon.colcon_core.package_identification:_identify(.) by extensions ['ros']
[0.304s] Level 1:colcon.colcon_core.package_identification:_identify(.) by extension 'ros'
[0.340s] DEBUG:colcon.colcon_core.package_identification:Package '.' with type 'ros.catkin' and name 'tethered_robot_analysis'
[0.340s] Level 1:colcon.colcon_core.package_discovery:discover_packages(recursive) using defaults
[0.340s] Level 1:colcon.colcon_core.package_discovery:discover_packages(ignore) discover
[0.341s] Level 1:colcon.colcon_core.package_discovery:discover_packages(ignore) using defaults
[0.341s] Level 1:colcon.colcon_core.package_discovery:discover_packages(path) discover
[0.341s] Level 1:colcon.colcon_core.package_discovery:discover_packages(path) using defaults
[0.365s] Level 1:colcon.colcon_core.package_discovery:discover_packages(prefix_path) check parameters
[0.366s] Level 1:colcon.colcon_core.package_discovery:discover_packages(prefix_path) discover
[0.397s] DEBUG:colcon.colcon_installed_package_information.package_discovery:Found 3 installed packages in /mnt/c/Users/denis/Vector/ros_ws/install
[0.399s] DEBUG:colcon.colcon_installed_package_information.package_discovery:Found 317 installed packages in /opt/ros/jazzy
[0.400s] Level 1:colcon.colcon_core.package_discovery:discover_packages(prefix_path) using defaults
[0.499s] Level 5:colcon.colcon_core.verb:set package 'tethered_robot_analysis' build argument 'cmake_args' from command line to 'None'
[0.499s] Level 5:colcon.colcon_core.verb:set package 'tethered_robot_analysis' build argument 'cmake_target' from command line to 'None'
[0.499s] Level 5:colcon.colcon_core.verb:set package 'tethered_robot_analysis' build argument 'cmake_target_skip_unavailable' from command line to 'False'
[0.499s] Level 5:colcon.colcon_core.verb:set package 'tethered_robot_analysis' build argument 'cmake_clean_cache' from command line to 'False'
[0.499s] Level 5:colcon.colcon_core.verb:set package 'tethered_robot_analysis' build argument 'cmake_clean_first' from command line to 'False'
[0.500s] Level 5:colcon.colcon_core.verb:set package 'tethered_robot_analysis' build argument 'cmake_force_configure' from command line to 'False'
[0.500s] Level 5:colcon.colcon_core.verb:set package 'tethered_robot_analysis' build argument 'ament_cmake_args' from command line to 'None'
[0.500s] Level 5:colcon.colcon_core.verb:set package 'tethered_robot_analysis' build argument 'catkin_cmake_args' from command line to 'None'
[0.500s] Level 5:colcon.colcon_core.verb:set package 'tethered_robot_analysis' build argument 'catkin_skip_building_tests' from command line to 'False'
[0.500s] DEBUG:colcon.colcon_core.verb:Building package 'tethered_robot_analysis' with the following arguments: {'ament_cmake_args': None, 'build_base': '/mnt/c/Users/denis/Vector/ros_ws/src/tethered_robot_analysis/build/tethered_robot_analysis', 'catkin_cmake_args': None, 'catkin_skip_building_tests': False, 'cmake_args': None, 'cmake_clean_cache': False, 'cmake_clean_first': False, 'cmake_force_configure': False, 'cmake_target': None, 'cmake_target_skip_unavailable': False, 'install_base': '/mnt/c/Users/denis/Vector/ros_ws/src/tethered_robot_analysis/install/tethered_robot_analysis', 'merge_install': False, 'path': '/mnt/c/Users/denis/Vector/ros_ws/src/tethered_robot_analysis', 'symlink_install': True, 'test_result_base': None}
[0.501s] INFO:colcon.colcon_core.executor:Executing jobs using 'parallel' executor
[0.505s] DEBUG:colcon.colcon_parallel_executor.executor.parallel:run_until_complete
[0.506s] INFO:colcon.colcon_ros.task.catkin.build:Building ROS package in '/mnt/c/Users/denis/Vector/ros_ws/src/tethered_robot_analysis' with build type 'catkin'
[0.506s] INFO:colcon.colcon_cmake.task.cmake.build:Building CMake package in '/mnt/c/Users/denis/Vector/ros_ws/src/tethered_robot_analysis'
[0.510s] INFO:colcon.colcon_core.plugin_system:Skipping extension 'colcon_core.shell.bat': Not used on non-Windows systems
[0.511s] INFO:colcon.colcon_core.shell:Skip shell extension 'powershell' for command environment: Not usable outside of PowerShell
[0.511s] DEBUG:colcon.colcon_core.shell:Skip shell extension 'dsv' for command environment
[0.654s] DEBUG:colcon.colcon_core.event_handler.log_command:Invoking command in '/mnt/c/Users/denis/Vector/ros_ws/src/tethered_robot_analysis/build/tethered_robot_analysis': /usr/bin/cmake /mnt/c/Users/denis/Vector/ros_ws/src/tethered_robot_analysis -DCATKIN_INSTALL_INTO_PREFIX_ROOT=0 -DCATKIN_SYMLINK_INSTALL=ON -DCMAKE_INSTALL_PREFIX=/mnt/c/Users/denis/Vector/ros_ws/src/tethered_robot_analysis/install/tethered_robot_analysis
[4.945s] DEBUG:colcon.colcon_core.event_handler.log_command:Invoked command in '/mnt/c/Users/denis/Vector/ros_ws/src/tethered_robot_analysis/build/tethered_robot_analysis' returned '0': /usr/bin/cmake /mnt/c/Users/denis/Vector/ros_ws/src/tethered_robot_analysis -DCATKIN_INSTALL_INTO_PREFIX_ROOT=0 -DCATKIN_SYMLINK_INSTALL=ON -DCMAKE_INSTALL_PREFIX=/mnt/c/Users/denis/Vector/ros_ws/src/tethered_robot_analysis/install/tethered_robot_analysis
[4.953s] DEBUG:colcon.colcon_core.event_handler.log_command:Invoking command in '/mnt/c/Users/denis/Vector/ros_ws/src/tethered_robot_analysis/build/tethered_robot_analysis': /usr/bin/cmake --build /mnt/c/Users/denis/Vector/ros_ws/src/tethered_robot_analysis/build/tethered_robot_analysis -- -j12 -l12
[5.150s] DEBUG:colcon.colcon_core.event_handler.log_command:Invoked command in '/mnt/c/Users/denis/Vector/ros_ws/src/tethered_robot_analysis/build/tethered_robot_analysis' returned '0': /usr/bin/cmake --build /mnt/c/Users/denis/Vector/ros_ws/src/tethered_robot_analysis/build/tethered_robot_analysis -- -j12 -l12
[5.194s] WARNING:colcon.colcon_cmake.task.cmake.build:Could not run installation step for package 'tethered_robot_analysis' because it has no 'install' target
[5.230s] Level 1:colcon.colcon_core.environment:create_environment_scripts_only(tethered_robot_analysis)
[5.246s] Level 1:colcon.colcon_core.environment:checking '/mnt/c/Users/denis/Vector/ros_ws/src/tethered_robot_analysis/install/tethered_robot_analysis' for CMake module files
[5.264s] Level 1:colcon.colcon_core.environment:checking '/mnt/c/Users/denis/Vector/ros_ws/src/tethered_robot_analysis/install/tethered_robot_analysis' for CMake config files
[5.269s] Level 1:colcon.colcon_core.environment:checking '/mnt/c/Users/denis/Vector/ros_ws/src/tethered_robot_analysis/install/tethered_robot_analysis/bin'
[5.271s] Level 1:colcon.colcon_core.environment:checking '/mnt/c/Users/denis/Vector/ros_ws/src/tethered_robot_analysis/install/tethered_robot_analysis/lib/pkgconfig/tethered_robot_analysis.pc'
[5.273s] Level 1:colcon.colcon_core.environment:checking '/mnt/c/Users/denis/Vector/ros_ws/src/tethered_robot_analysis/install/tethered_robot_analysis/lib/python3.12/site-packages'
[5.275s] Level 1:colcon.colcon_core.environment:checking '/mnt/c/Users/denis/Vector/ros_ws/src/tethered_robot_analysis/install/tethered_robot_analysis/bin'
[5.276s] INFO:colcon.colcon_core.shell:Creating package script '/mnt/c/Users/denis/Vector/ros_ws/src/tethered_robot_analysis/install/tethered_robot_analysis/share/tethered_robot_analysis/package.ps1'
[5.301s] INFO:colcon.colcon_core.shell:Creating package descriptor '/mnt/c/Users/denis/Vector/ros_ws/src/tethered_robot_analysis/install/tethered_robot_analysis/share/tethered_robot_analysis/package.dsv'
[5.317s] INFO:colcon.colcon_core.shell:Creating package script '/mnt/c/Users/denis/Vector/ros_ws/src/tethered_robot_analysis/install/tethered_robot_analysis/share/tethered_robot_analysis/package.sh'
[5.334s] INFO:colcon.colcon_core.shell:Creating package script '/mnt/c/Users/denis/Vector/ros_ws/src/tethered_robot_analysis/install/tethered_robot_analysis/share/tethered_robot_analysis/package.bash'
[5.350s] INFO:colcon.colcon_core.shell:Creating package script '/mnt/c/Users/denis/Vector/ros_ws/src/tethered_robot_analysis/install/tethered_robot_analysis/share/tethered_robot_analysis/package.zsh'
[5.368s] Level 1:colcon.colcon_core.environment:create_file_with_runtime_dependencies(/mnt/c/Users/denis/Vector/ros_ws/src/tethered_robot_analysis/install/tethered_robot_analysis/share/colcon-core/packages/tethered_robot_analysis)
[5.392s] DEBUG:colcon.colcon_parallel_executor.executor.parallel:closing loop
[5.393s] DEBUG:colcon.colcon_parallel_executor.executor.parallel:loop closed
[5.395s] DEBUG:colcon.colcon_parallel_executor.executor.parallel:run_until_complete finished with '0'
[5.397s] DEBUG:colcon.colcon_core.event_reactor:joining thread
[5.488s] INFO:colcon.colcon_core.plugin_system:Skipping extension 'colcon_notification.desktop_notification.notify_send': Could not find 'notify-send'
[5.488s] INFO:colcon.colcon_core.plugin_system:Skipping extension 'colcon_notification.desktop_notification.terminal_notifier': Not used on non-Darwin systems
[5.489s] INFO:colcon.colcon_core.plugin_system:Skipping extension 'colcon_notification.desktop_notification.win32': Not used on non-Windows systems
[5.489s] INFO:colcon.colcon_notification.desktop_notification:Sending desktop notification using 'notify2'
[5.496s] DEBUG:colcon.colcon_notification.desktop_notification.notify2:Failed to initialize notify2: org.freedesktop.DBus.Error.ServiceUnknown: The name org.freedesktop.Notifications was not provided by any .service files
[5.496s] DEBUG:colcon.colcon_core.event_reactor:joined thread
[5.497s] INFO:colcon.colcon_core.shell:Creating prefix script '/mnt/c/Users/denis/Vector/ros_ws/src/tethered_robot_analysis/install/local_setup.ps1'
[5.506s] INFO:colcon.colcon_core.shell:Creating prefix util module '/mnt/c/Users/denis/Vector/ros_ws/src/tethered_robot_analysis/install/_local_setup_util_ps1.py'
[5.513s] INFO:colcon.colcon_core.shell:Creating prefix chain script '/mnt/c/Users/denis/Vector/ros_ws/src/tethered_robot_analysis/install/setup.ps1'
[5.553s] INFO:colcon.colcon_core.shell:Creating prefix script '/mnt/c/Users/denis/Vector/ros_ws/src/tethered_robot_analysis/install/local_setup.sh'
[5.560s] INFO:colcon.colcon_core.shell:Creating prefix util module '/mnt/c/Users/denis/Vector/ros_ws/src/tethered_robot_analysis/install/_local_setup_util_sh.py'
[5.568s] INFO:colcon.colcon_core.shell:Creating prefix chain script '/mnt/c/Users/denis/Vector/ros_ws/src/tethered_robot_analysis/install/setup.sh'
[5.613s] INFO:colcon.colcon_core.shell:Creating prefix script '/mnt/c/Users/denis/Vector/ros_ws/src/tethered_robot_analysis/install/local_setup.bash'
[5.622s] INFO:colcon.colcon_core.shell:Creating prefix chain script '/mnt/c/Users/denis/Vector/ros_ws/src/tethered_robot_analysis/install/setup.bash'
[5.656s] INFO:colcon.colcon_core.shell:Creating prefix script '/mnt/c/Users/denis/Vector/ros_ws/src/tethered_robot_analysis/install/local_setup.zsh'
[5.663s] INFO:colcon.colcon_core.shell:Creating prefix chain script '/mnt/c/Users/denis/Vector/ros_ws/src/tethered_robot_analysis/install/setup.zsh'
